{
   "id":"865ead69-5b8c-4417-b98f-c19385ad4629",
   "name":"Marketing",
   "description":"Nondisp fx of lunate, right wrist, subs for fx w routn heal"
}
