{
   "id":"0ujsswThIGTUYm2K8FjOOfXtY1K",
   "name":"Marketing",
   "description":"Nondisp fx of lunate, right wrist, subs for fx w routn heal"
}
