{
   "id":"0ujsszgFvbiEr7CDgE3z8MAUPFt",
   "name":"Marketing",
   "description":"Interruption vena cava",
   "created_time": "2019-10-13T15:04:05+07:00",
   "updated_time": "2019-10-13T15:04:05+07:00"
}
