{
   "id":"0ujsszwN8NRY24YaXiTIE2VWDTS",
   "name":"Human Resources",
   "description":"Adverse effect of local astringents and local detergents",
   "created_time": "2019-10-13T15:04:05+07:00",
   "updated_time": "2019-10-13T15:04:05+07:00"
}
