{
   "id":"0ujssxh0cECutqzMgbtXSGnjorm",
   "name":"Engineer",
   "description":"Sltr-haris Type IV physeal fracture of left metatarsal, 7thB",
   "created_time": "2019-10-13T15:04:05+07:00",
   "updated_time": "2019-10-13T15:04:05+07:00"
}
