{
   "id":"da7885d4-8504-47c7-9383-286a97faa14a",
   "name":"Engineer",
   "description":"Sltr-haris Type IV physeal fracture of left metatarsal, 7thB"
}
