{
    "id": "1SYxHnSCbFCxLr7zUxk5j8cB0Cr",
    "first_name": "Casey",
    "last_name": "Lee",
    "birth_place": "Sydney",
    "date_of_birth": "1990-02-13",
    "title": "Manager",
    "department": {
        "id": "0ujsszwN8NRY24YaXiTIE2VWDTS"
    },
    "created_time": "2019-10-13T15:04:05+07:00",
    "updated_time": "2019-10-13T15:04:05+07:00"
}
